Starting a Gradle Daemon, 1 busy and 3 stopped Daemons could not be reused, use --status for details
> Task :checkKotlinGradlePluginConfigurationErrors SKIPPED
> Task :preBuild UP-TO-DATE
> Task :preDebugBuild UP-TO-DATE
> Task :generateDebugResValues UP-TO-DATE
> Task :generateDebugResources UP-TO-DATE
> Task :packageDebugResources UP-TO-DATE
> Task :parseDebugLocalResources UP-TO-DATE
> Task :generateDebugRFile UP-TO-DATE
> Task :compileDebugKotlin UP-TO-DATE
> Task :javaPreCompileDebug UP-TO-DATE
> Task :compileDebugJavaWithJavac NO-SOURCE
> Task :preDebugUnitTestBuild UP-TO-DATE
> Task :bundleLibRuntimeToJarDebug
> Task :bundleLibCompileToJarDebug
> Task :javaPreCompileDebugUnitTest UP-TO-DATE
> Task :processDebugJavaRes
> Task :generateDebugUnitTestStubRFile
> Task :compileDebugUnitTestKotlin
> Task :compileDebugUnitTestJavaWithJavac NO-SOURCE
> Task :processDebugUnitTestJavaRes
OpenJDK 64-Bit Server VM warning: Sharing is only supported for boot loader classes because bootstrap classpath has been appended
> Task :testDebugUnitTest
w: Detected multiple Kotlin daemon sessions at 

BUILD SUCCESSFUL in 38s
15 actionable tasks: 7 executed, 8 up-to-date
